[47DEQpj8HBSa#0] Grep tests
que <cnjsub>:>:que <cnjsub>
[/47DEQpj8HBSa]
